// Vitest Snapshot v1, https://vitest.dev/guide/snapshot.html

exports[`Base Text should render text Hello World 1`] = `"<p class="text-gray-700G text-sm" style="color: gray;">Hello World</p>"`;

exports[`Base Text should render text Hello World 2`] = `"<p class="text-gray-700G text-md" style="color: gray;">Hello World</p>"`;

exports[`Base Text should render text Hello World 3`] = `"<p class="text-gray-700G text-lg" style="color: gray;">Hello World</p>"`;
